# Measure Cortex, NumVert, Number of Vertices, 136627, unitless
# Measure Cortex, WhiteSurfArea, White Surface Total Area, 89116.1, mm^2
# Measure Cortex, MeanThickness, Mean Thickness, 2.57319, mm
# Measure Cortex, CortexVol, Total cortical gray matter volume, 0.000000, mm^3
